
> client@0.0.0 build
> tsc -b && vite build

src/components/AlicePanel.tsx(3,10): error TS2305: Module '"../context/ProjectContext"' has no exported member 'useProject'.
src/components/AlicePanel.tsx(9,9): error TS6133: 'connected' is declared but its value is never read.
src/components/AlicePanel.tsx(23,23): error TS2503: Cannot find namespace 'NodeJS'.
src/components/AlicePanel.tsx(87,41): error TS7006: Parameter 'b' implicitly has an 'any' type.
src/components/AlicePanel.tsx(87,44): error TS7006: Parameter 'i' implicitly has an 'any' type.
src/components/AlicePanel.tsx(102,42): error TS7006: Parameter 'base' implicitly has an 'any' type.
src/components/AlicePanel.tsx(102,48): error TS7006: Parameter 'i' implicitly has an 'any' type.
src/components/AlicePanel.tsx(127,41): error TS7006: Parameter 'b' implicitly has an 'any' type.
src/components/AlicePanel.tsx(127,44): error TS7006: Parameter 'i' implicitly has an 'any' type.
src/components/BobPanel.tsx(3,10): error TS2305: Module '"../context/ProjectContext"' has no exported member 'useProject'.
src/components/BobPanel.tsx(4,20): error TS6133: 'ShieldCheck' is declared but its value is never read.
src/components/BobPanel.tsx(4,33): error TS6133: 'AlertTriangle' is declared but its value is never read.
src/components/BobPanel.tsx(249,39): error TS7006: Parameter 'b' implicitly has an 'any' type.
src/components/BobPanel.tsx(249,42): error TS7006: Parameter 'i' implicitly has an 'any' type.
src/components/BobPanel.tsx(320,29): error TS7006: Parameter 'b' implicitly has an 'any' type.
src/components/BobPanel.tsx(320,32): error TS7006: Parameter 'i' implicitly has an 'any' type.
src/components/ConnectionPanel.tsx(3,10): error TS2305: Module '"../context/ProjectContext"' has no exported member 'useProject'.
src/components/Header.tsx(3,10): error TS2305: Module '"../context/ProjectContext"' has no exported member 'useProject'.
src/components/Messaging.tsx(2,10): error TS2305: Module '"../context/ProjectContext"' has no exported member 'useProject'.
src/components/NoisePanel.tsx(4,10): error TS2305: Module '"../context/ProjectContext"' has no exported member 'useProject'.
